// Jest Snapshot v1, https://goo.gl/fbAQLP

exports[`should AddBeer render correctly 1`] = `
<div>
  <form
    className="uk-flex"
    onSubmit={[Function]}
  >
    <input
      className="uk-input"
      onChange={[Function]}
      placeholder="Brewery Name"
      type="text"
      value=""
    />
    <input
      className="uk-input"
      onChange={[Function]}
      placeholder="Beer Name"
      type="text"
      value=""
    />
    <input
      className="uk-input"
      onChange={[Function]}
      placeholder="Beer Style"
      type="text"
      value=""
    />
    <input
      className="uk-input"
      onChange={[Function]}
      placeholder="ABV"
      type="text"
      value=""
    />
    <input
      className="uk-input"
      onChange={[Function]}
      placeholder="IBU"
      type="text"
      value=""
    />
    <button
      className="uk-button uk-button-primary"
      type="submit"
    >
      Add
    </button>
  </form>
  <p />
</div>
`;
